// Jest Snapshot v1, https://goo.gl/fbAQLP

exports[`<NavLinks /> should match snapshot 1`] = `
.c1 {
  display: block;
  -webkit-text-decoration: none;
  text-decoration: none;
  font-size: 1.6rem;
  font-weight: 700;
  color: #252A2C;
  padding: 0.8rem;
  position: relative;
}

.c1::after {
  content: '';
  position: absolute;
  bottom: 0;
  left: 50%;
  width: 0;
  height: 0.2rem;
  background: #252A2C;
  -webkit-transition: all 300ms ease-in-out;
  transition: all 300ms ease-in-out;
}

.c1:hover::after {
  left: 25%;
  width: 50%;
}

.c0 {
  display: -webkit-box;
  display: -webkit-flex;
  display: -ms-flexbox;
  display: flex;
  -webkit-flex-flow: row wrap;
  -ms-flex-flow: row wrap;
  flex-flow: row wrap;
}

@media (max-width:768px) {
  .c0 {
    -webkit-flex-flow: column wrap;
    -ms-flex-flow: column wrap;
    flex-flow: column wrap;
    -webkit-align-content: center;
    -ms-flex-line-pack: center;
    align-content: center;
  }
}

<nav
  aria-label="Main Menu"
  class="c0"
>
  <a
    class="c1"
    href="#target1"
    target="_self"
  >
    link1
  </a>
  <a
    class="c1"
    href="#target2"
    target="_self"
  >
    link2
  </a>
  <a
    class="c1"
    href="#target3"
    target="_self"
  >
    link3
  </a>
  <a
    class="c1"
    href="#target4"
    target="_self"
  >
    link4
  </a>
</nav>
`;
