// Jest Snapshot v1, https://goo.gl/fbAQLP

exports[`<LogoLink /> should match snapshot 1`] = `
.c1 {
  -webkit-text-decoration: none;
  text-decoration: none;
  color: inherit;
  font-size: 2.4rem;
  font-weight: 800;
}

.c1 > img {
  max-height: 2.5rem;
}

.c0 {
  color: #252A2C;
  text-transform: none;
  font-size: 2.4rem;
  font-weight: 700;
}

@media (max-width:768px) {
  .c1 {
    max-height: 2.5rem;
    font-size: 1.6rem;
  }
}

<h1
  class="c0"
>
  <a
    class="c1"
    href="#target"
  >
    <img
      alt="Ola Mundo"
      src="image.png"
    />
  </a>
</h1>
`;
