// Jest Snapshot v1, https://goo.gl/fbAQLP

exports[`<SectionBackground  /> should render content 1`] = `
.c0 {
  background-color: #E5E5E5;
  color: #252A2C;
  min-height: 100vh;
  display: -webkit-box;
  display: -webkit-flex;
  display: -ms-flexbox;
  display: flex;
  -webkit-align-items: center;
  -webkit-box-align: center;
  -ms-flex-align: center;
  align-items: center;
}

<div>
  <div
    class="c0"
  >
    <h1>
      Children
    </h1>
  </div>
</div>
`;
