// Jest Snapshot v1, https://goo.gl/fbAQLP

exports[`<IconsLink /> should to match snapshot 1`] = `undefined`;
